c:\users\theob\documents\github\eva\eva\eva\x64\debug\vc143.pdb
c:\users\theob\documents\github\eva\eva\eva\x64\debug\vc143.idb
c:\users\theob\documents\github\eva\eva\eva\x64\debug\tile.obj
c:\users\theob\documents\github\eva\eva\eva\x64\debug\startmenu.obj
c:\users\theob\documents\github\eva\eva\eva\x64\debug\soundmanager.obj
c:\users\theob\documents\github\eva\eva\eva\x64\debug\player2d.obj
c:\users\theob\documents\github\eva\eva\eva\x64\debug\parallax.obj
c:\users\theob\documents\github\eva\eva\eva\x64\debug\npc.obj
c:\users\theob\documents\github\eva\eva\eva\x64\debug\level.obj
c:\users\theob\documents\github\eva\eva\eva\x64\debug\input.obj
c:\users\theob\documents\github\eva\eva\eva\x64\debug\game.obj
c:\users\theob\documents\github\eva\eva\eva\x64\debug\eva.obj
c:\users\theob\documents\github\eva\eva\eva\x64\debug\entity.obj
c:\users\theob\documents\github\eva\eva\eva\x64\debug\endmenu.obj
c:\users\theob\documents\github\eva\eva\eva\x64\debug\darknesseffect.obj
c:\users\theob\documents\github\eva\eva\eva\x64\debug\cameramenu.obj
c:\users\theob\documents\github\eva\eva\eva\x64\debug\camera.obj
c:\users\theob\documents\github\eva\eva\eva\x64\debug\button.obj
c:\users\theob\documents\github\eva\eva\eva\x64\debug\block.obj
c:\users\theob\documents\github\eva\eva\eva\x64\debug\animator.obj
c:\users\theob\documents\github\eva\eva\eva\x64\debug\deplacement.obj
c:\users\theob\documents\github\eva\eva\eva\x64\debug\battle.obj
c:\users\theob\documents\github\eva\eva\eva\x64\debug\survival.obj
c:\users\theob\documents\github\eva\eva\eva\x64\debug\choosegame.obj
c:\users\theob\documents\github\eva\eva\x64\debug\eva.exe
c:\users\theob\documents\github\eva\eva\x64\debug\eva.pdb
c:\users\theob\documents\github\eva\eva\eva\x64\debug\eva.ilk
c:\users\theob\documents\github\eva\eva\eva\x64\debug\eva.tlog\cl.command.1.tlog
c:\users\theob\documents\github\eva\eva\eva\x64\debug\eva.tlog\cl.items.tlog
c:\users\theob\documents\github\eva\eva\eva\x64\debug\eva.tlog\cl.read.1.tlog
c:\users\theob\documents\github\eva\eva\eva\x64\debug\eva.tlog\cl.write.1.tlog
c:\users\theob\documents\github\eva\eva\eva\x64\debug\eva.tlog\link.command.1.tlog
c:\users\theob\documents\github\eva\eva\eva\x64\debug\eva.tlog\link.read.1.tlog
c:\users\theob\documents\github\eva\eva\eva\x64\debug\eva.tlog\link.secondary.1.tlog
c:\users\theob\documents\github\eva\eva\eva\x64\debug\eva.tlog\link.write.1.tlog
