c:\users\theob\documents\github\eva\eva\eva\x64\release\vc143.pdb
c:\users\theob\documents\github\eva\eva\eva\x64\release\pause.obj
c:\users\theob\documents\github\eva\eva\eva\x64\release\parallax.obj
c:\users\theob\documents\github\eva\eva\eva\x64\release\npc.obj
c:\users\theob\documents\github\eva\eva\eva\x64\release\level.obj
c:\users\theob\documents\github\eva\eva\eva\x64\release\input.obj
c:\users\theob\documents\github\eva\eva\eva\x64\release\hud.obj
c:\users\theob\documents\github\eva\eva\eva\x64\release\game.obj
c:\users\theob\documents\github\eva\eva\eva\x64\release\eva.obj
c:\users\theob\documents\github\eva\eva\eva\x64\release\entity.obj
c:\users\theob\documents\github\eva\eva\eva\x64\release\endmenu.obj
c:\users\theob\documents\github\eva\eva\eva\x64\release\deplacement.obj
c:\users\theob\documents\github\eva\eva\eva\x64\release\darknesseffect.obj
c:\users\theob\documents\github\eva\eva\eva\x64\release\choosegame.obj
c:\users\theob\documents\github\eva\eva\eva\x64\release\cameramenu.obj
c:\users\theob\documents\github\eva\eva\eva\x64\release\camera.obj
c:\users\theob\documents\github\eva\eva\eva\x64\release\button.obj
c:\users\theob\documents\github\eva\eva\eva\x64\release\block.obj
c:\users\theob\documents\github\eva\eva\eva\x64\release\behaviortree.obj
c:\users\theob\documents\github\eva\eva\eva\x64\release\battle.obj
c:\users\theob\documents\github\eva\eva\eva\x64\release\animator.obj
c:\users\theob\documents\github\eva\eva\eva\x64\release\zonemanager.obj
c:\users\theob\documents\github\eva\eva\eva\x64\release\zone.obj
c:\users\theob\documents\github\eva\eva\eva\x64\release\tile.obj
c:\users\theob\documents\github\eva\eva\eva\x64\release\survival.obj
c:\users\theob\documents\github\eva\eva\eva\x64\release\startmenu.obj
c:\users\theob\documents\github\eva\eva\eva\x64\release\soundmanager.obj
c:\users\theob\documents\github\eva\eva\eva\x64\release\soldatai.obj
c:\users\theob\documents\github\eva\eva\eva\x64\release\shoot.obj
c:\users\theob\documents\github\eva\eva\eva\x64\release\selectperso.obj
c:\users\theob\documents\github\eva\eva\eva\x64\release\pve.obj
c:\users\theob\documents\github\eva\eva\x64\release\eva.exe
c:\users\theob\documents\github\eva\eva\x64\release\eva.pdb
c:\users\theob\documents\github\eva\eva\eva\x64\release\eva.res
c:\users\theob\documents\github\eva\eva\eva\x64\release\eva.ipdb
c:\users\theob\documents\github\eva\eva\eva\x64\release\eva.iobj
c:\users\theob\documents\github\eva\eva\eva\x64\release\eva.tlog\cl.command.1.tlog
c:\users\theob\documents\github\eva\eva\eva\x64\release\eva.tlog\cl.items.tlog
c:\users\theob\documents\github\eva\eva\eva\x64\release\eva.tlog\cl.read.1.tlog
c:\users\theob\documents\github\eva\eva\eva\x64\release\eva.tlog\cl.write.1.tlog
c:\users\theob\documents\github\eva\eva\eva\x64\release\eva.tlog\link.command.1.tlog
c:\users\theob\documents\github\eva\eva\eva\x64\release\eva.tlog\link.read.1.tlog
c:\users\theob\documents\github\eva\eva\eva\x64\release\eva.tlog\link.secondary.1.tlog
c:\users\theob\documents\github\eva\eva\eva\x64\release\eva.tlog\link.write.1.tlog
c:\users\theob\documents\github\eva\eva\eva\x64\release\eva.tlog\rc.command.1.tlog
c:\users\theob\documents\github\eva\eva\eva\x64\release\eva.tlog\rc.read.1.tlog
c:\users\theob\documents\github\eva\eva\eva\x64\release\eva.tlog\rc.write.1.tlog
